// Jest Snapshot v1, https://goo.gl/fbAQLP

exports[`renders CardList without crashing 1`] = `
"<div>
  <Card id={1} name=\\"John snow\\" email=\\"john@gmail.com\\" />
</div>"
`;
