// Jest Snapshot v1, https://goo.gl/fbAQLP

exports[`renders Card without crashing 1`] = `
"<div className=\\"tc bg-light-green dib br3 pa3 ma2 grow bw2 shadow-5\\">
  <img src=\\"https://robohash.org/undefined?size=200x200\\" alt=\\"robots\\" />
  <div>
    <h2 />
    <p />
  </div>
</div>"
`;
